[2025-11-05 10:51:36,688: INFO/ForkPoolWorker-3] Successfully scraped store: NOVI GRAD D.O.O. (Auto Moto: False, Ads: 35)
[2025-11-05 10:51:36,701: INFO/ForkPoolWorker-3] Updated store data for URL: https://www.njuskalo.hr/trgovina/NOVI_GRAD_DOO
[2025-11-05 10:51:40,286: INFO/ForkPoolWorker-1] Processing store 899/2985: https://www.njuskalo.hr/trgovina/raritet
[2025-11-05 10:51:40,286: INFO/ForkPoolWorker-1] Scraping store: https://www.njuskalo.hr/trgovina/raritet
[2025-11-05 10:51:40,338: INFO/ForkPoolWorker-4] Successfully scraped store: iconnectservis (Auto Moto: False, Ads: 233)
[2025-11-05 10:51:40,351: INFO/ForkPoolWorker-4] Updated store data for URL: https://www.njuskalo.hr/trgovina/iconnectservis
[2025-11-05 10:51:41,693: INFO/ForkPoolWorker-2] Successfully scraped store: AUTOSALON STIL (Auto Moto: True, Ads: 57)
[2025-11-05 10:51:41,706: INFO/ForkPoolWorker-2] Updated store data for URL: https://www.njuskalo.hr/trgovina/autosalonstil2003
[2025-11-05 10:51:41,854: INFO/ForkPoolWorker-3] Processing store 545/2985: https://www.njuskalo.hr/trgovina/platinare123
[2025-11-05 10:51:41,854: INFO/ForkPoolWorker-3] Scraping store: https://www.njuskalo.hr/trgovina/platinare123
[2025-11-05 10:51:44,162: INFO/ForkPoolWorker-1] Successfully scraped store: PARKETI PETRINA (Auto Moto: True, Ads: 12)
[2025-11-05 10:51:44,173: INFO/ForkPoolWorker-1] Updated store data for URL: https://www.njuskalo.hr/trgovina/raritet
[2025-11-05 10:51:44,630: INFO/ForkPoolWorker-4] Processing store 182/2985: https://www.njuskalo.hr/trgovina/asupermario
[2025-11-05 10:51:44,630: INFO/ForkPoolWorker-4] Scraping store: https://www.njuskalo.hr/trgovina/asupermario
[2025-11-05 10:51:46,755: INFO/ForkPoolWorker-2] Processing store 1238/2985: https://www.njuskalo.hr/trgovina/muzikalijecremona
[2025-11-05 10:51:46,755: INFO/ForkPoolWorker-2] Scraping store: https://www.njuskalo.hr/trgovina/muzikalijecremona
[2025-11-05 10:51:46,834: INFO/ForkPoolWorker-3] Successfully scraped store: Roster Auto (Auto Moto: True, Ads: 11)
[2025-11-05 10:51:46,847: INFO/ForkPoolWorker-3] Updated store data for URL: https://www.njuskalo.hr/trgovina/platinare123
[2025-11-05 10:51:49,103: INFO/ForkPoolWorker-1] Processing store 900/2985: https://www.njuskalo.hr/trgovina/rosto
[2025-11-05 10:51:49,103: INFO/ForkPoolWorker-1] Scraping store: https://www.njuskalo.hr/trgovina/rosto
[2025-11-05 10:51:50,497: INFO/ForkPoolWorker-3] Processing store 546/2985: https://www.njuskalo.hr/trgovina/s-grupa
[2025-11-05 10:51:50,497: INFO/ForkPoolWorker-3] Scraping store: https://www.njuskalo.hr/trgovina/s-grupa
[2025-11-05 10:51:50,650: INFO/ForkPoolWorker-4] Successfully scraped store: LKW MARIO d.o.o (Auto Moto: True, Ads: 63)
[2025-11-05 10:51:50,663: INFO/ForkPoolWorker-4] Updated store data for URL: https://www.njuskalo.hr/trgovina/asupermario
[2025-11-05 10:51:53,517: INFO/ForkPoolWorker-2] Successfully scraped store: Muzikalije CREMONA (Auto Moto: False, Ads: 122)
[2025-11-05 10:51:53,530: INFO/ForkPoolWorker-2] Updated store data for URL: https://www.njuskalo.hr/trgovina/muzikalijecremona
[2025-11-05 10:51:54,307: INFO/ForkPoolWorker-1] Successfully scraped store: Voga Voga d.o.o. (Auto Moto: True, Ads: 1)
[2025-11-05 10:51:54,319: INFO/ForkPoolWorker-1] Updated store data for URL: https://www.njuskalo.hr/trgovina/rosto
[2025-11-05 10:51:55,487: INFO/ForkPoolWorker-3] Successfully scraped store: JONI-GRUPA (Auto Moto: True, Ads: 19)
[2025-11-05 10:51:55,500: INFO/ForkPoolWorker-3] Updated store data for URL: https://www.njuskalo.hr/trgovina/s-grupa
[2025-11-05 10:51:57,161: INFO/ForkPoolWorker-4] Processing store 183/2985: https://www.njuskalo.hr/trgovina/autopromet-zagreb
[2025-11-05 10:51:57,161: INFO/ForkPoolWorker-4] Scraping store: https://www.njuskalo.hr/trgovina/autopromet-zagreb
[2025-11-05 10:51:57,570: INFO/ForkPoolWorker-2] Processing store 1239/2985: https://www.njuskalo.hr/trgovina/petra-otpremnistvo
[2025-11-05 10:51:57,570: INFO/ForkPoolWorker-2] Scraping store: https://www.njuskalo.hr/trgovina/petra-otpremnistvo
[2025-11-05 10:51:58,417: INFO/ForkPoolWorker-1] Processing store 901/2985: https://www.njuskalo.hr/trgovina/sentierohr
[2025-11-05 10:51:58,418: INFO/ForkPoolWorker-1] Scraping store: https://www.njuskalo.hr/trgovina/sentierohr
[2025-11-05 10:52:01,887: INFO/ForkPoolWorker-4] Successfully scraped store: AUTOPROMET ZAGREB (Auto Moto: True, Ads: 8)
[2025-11-05 10:52:01,900: INFO/ForkPoolWorker-4] Updated store data for URL: https://www.njuskalo.hr/trgovina/autopromet-zagreb
[2025-11-05 10:52:02,032: INFO/ForkPoolWorker-3] Processing store 547/2985: https://www.njuskalo.hr/trgovina/Pomagala_Svjetlost
[2025-11-05 10:52:02,032: INFO/ForkPoolWorker-3] Scraping store: https://www.njuskalo.hr/trgovina/Pomagala_Svjetlost
[2025-11-05 10:52:02,692: INFO/ForkPoolWorker-2] Successfully scraped store: PO AUTOMOBILI - Sesvete, Kašinska cesta 83, ☎️01/2028111 (Auto Moto: True, Ads: 40)
[2025-11-05 10:52:02,705: INFO/ForkPoolWorker-2] Updated store data for URL: https://www.njuskalo.hr/trgovina/petra-otpremnistvo
[2025-11-05 10:52:04,627: INFO/ForkPoolWorker-1] Successfully scraped store: Sentiero (Auto Moto: False, Ads: 8)
[2025-11-05 10:52:04,640: INFO/ForkPoolWorker-1] Updated store data for URL: https://www.njuskalo.hr/trgovina/sentierohr
[2025-11-05 10:52:06,529: INFO/ForkPoolWorker-4] Processing store 184/2985: https://www.njuskalo.hr/trgovina/autocentar-bilic
[2025-11-05 10:52:06,529: INFO/ForkPoolWorker-4] Scraping store: https://www.njuskalo.hr/trgovina/autocentar-bilic
[2025-11-05 10:52:07,943: INFO/ForkPoolWorker-1] Processing store 902/2985: https://www.njuskalo.hr/trgovina/Ljubicmontaza
[2025-11-05 10:52:07,943: INFO/ForkPoolWorker-1] Scraping store: https://www.njuskalo.hr/trgovina/Ljubicmontaza
[2025-11-05 10:52:07,985: INFO/ForkPoolWorker-3] Successfully scraped store: Ortopedska pomagala Svjetlost (Auto Moto: True, Ads: 48)
[2025-11-05 10:52:07,999: INFO/ForkPoolWorker-3] Updated store data for URL: https://www.njuskalo.hr/trgovina/Pomagala_Svjetlost
[2025-11-05 10:52:08,214: INFO/ForkPoolWorker-2] Processing store 1240/2985: https://www.njuskalo.hr/trgovina/jurkanica
[2025-11-05 10:52:08,215: INFO/ForkPoolWorker-2] Scraping store: https://www.njuskalo.hr/trgovina/jurkanica
[2025-11-05 10:52:11,718: INFO/ForkPoolWorker-4] Successfully scraped store: Autocentar Bilić d.o.o. (Auto Moto: True, Ads: 12)
[2025-11-05 10:52:11,732: INFO/ForkPoolWorker-4] Updated store data for URL: https://www.njuskalo.hr/trgovina/autocentar-bilic
[2025-11-05 10:52:11,920: INFO/ForkPoolWorker-1] Successfully scraped store: Ljubicmontaza (Auto Moto: False, Ads: 3)
[2025-11-05 10:52:11,933: INFO/ForkPoolWorker-1] Updated store data for URL: https://www.njuskalo.hr/trgovina/Ljubicmontaza
[2025-11-05 10:52:12,170: INFO/ForkPoolWorker-3] Processing store 548/2985: https://www.njuskalo.hr/trgovina/letan-nekretnine
[2025-11-05 10:52:12,170: INFO/ForkPoolWorker-3] Scraping store: https://www.njuskalo.hr/trgovina/letan-nekretnine
[2025-11-05 10:52:13,470: INFO/ForkPoolWorker-2] Successfully scraped store: Multi (Auto Moto: False, Ads: 54)
[2025-11-05 10:52:13,483: INFO/ForkPoolWorker-2] Updated store data for URL: https://www.njuskalo.hr/trgovina/jurkanica
[2025-11-05 10:52:16,165: INFO/ForkPoolWorker-1] Processing store 903/2985: https://www.njuskalo.hr/trgovina/alukontura
[2025-11-05 10:52:16,166: INFO/ForkPoolWorker-1] Scraping store: https://www.njuskalo.hr/trgovina/alukontura
[2025-11-05 10:52:17,659: INFO/ForkPoolWorker-4] Processing store 185/2985: https://www.njuskalo.hr/trgovina/Gradevinske-usluge
[2025-11-05 10:52:17,660: INFO/ForkPoolWorker-4] Scraping store: https://www.njuskalo.hr/trgovina/Gradevinske-usluge
[2025-11-05 10:52:18,003: INFO/ForkPoolWorker-3] Successfully scraped store: Letan Nekretnine (Auto Moto: False, Ads: 25)
[2025-11-05 10:52:18,007: INFO/ForkPoolWorker-3] Updated store data for URL: https://www.njuskalo.hr/trgovina/letan-nekretnine
[2025-11-05 10:52:18,655: INFO/ForkPoolWorker-2] Processing store 1241/2985: https://www.njuskalo.hr/trgovina/solodom
[2025-11-05 10:52:18,655: INFO/ForkPoolWorker-2] Scraping store: https://www.njuskalo.hr/trgovina/solodom
[2025-11-05 10:52:21,842: INFO/ForkPoolWorker-1] Successfully scraped store: alukontura (Auto Moto: True, Ads: 1)
[2025-11-05 10:52:21,855: INFO/ForkPoolWorker-1] Updated store data for URL: https://www.njuskalo.hr/trgovina/alukontura
[2025-11-05 10:52:22,822: INFO/ForkPoolWorker-4] Successfully scraped store: PRO - RENT (Auto Moto: True, Ads: 22)
[2025-11-05 10:52:22,836: INFO/ForkPoolWorker-4] Updated store data for URL: https://www.njuskalo.hr/trgovina/Gradevinske-usluge
[2025-11-05 10:52:23,050: INFO/ForkPoolWorker-2] Successfully scraped store: SOLO DOM d.o.o. (Auto Moto: True, Ads: 103)
[2025-11-05 10:52:23,063: INFO/ForkPoolWorker-2] Updated store data for URL: https://www.njuskalo.hr/trgovina/solodom
[2025-11-05 10:52:23,448: INFO/ForkPoolWorker-3] Processing store 549/2985: https://www.njuskalo.hr/trgovina/andelko0101
[2025-11-05 10:52:23,448: INFO/ForkPoolWorker-3] Scraping store: https://www.njuskalo.hr/trgovina/andelko0101
[2025-11-05 10:52:26,082: INFO/ForkPoolWorker-2] Processing store 1242/2985: https://www.njuskalo.hr/trgovina/autoberinac
[2025-11-05 10:52:26,082: INFO/ForkPoolWorker-2] Scraping store: https://www.njuskalo.hr/trgovina/autoberinac
[2025-11-05 10:52:26,603: INFO/ForkPoolWorker-4] Processing store 186/2985: https://www.njuskalo.hr/trgovina/lnb-cars
[2025-11-05 10:52:26,603: INFO/ForkPoolWorker-4] Scraping store: https://www.njuskalo.hr/trgovina/lnb-cars
[2025-11-05 10:52:26,734: INFO/ForkPoolWorker-1] Processing store 904/2985: https://www.njuskalo.hr/trgovina/ADRIARED
[2025-11-05 10:52:26,734: INFO/ForkPoolWorker-1] Scraping store: https://www.njuskalo.hr/trgovina/ADRIARED
[2025-11-05 10:52:27,777: INFO/ForkPoolWorker-3] Successfully scraped store: V.G. GRADNJA doo (Auto Moto: True, Ads: 12)
[2025-11-05 10:52:27,790: INFO/ForkPoolWorker-3] Updated store data for URL: https://www.njuskalo.hr/trgovina/andelko0101
[2025-11-05 10:52:30,443: INFO/ForkPoolWorker-1] Successfully scraped store: ADRIA RED d.o.o. . PARTNER HÖNA & CONTIO HRVATSKA (Auto Moto: False, Ads: 5)
[2025-11-05 10:52:30,457: INFO/ForkPoolWorker-1] Updated store data for URL: https://www.njuskalo.hr/trgovina/ADRIARED
[2025-11-05 10:52:31,006: INFO/ForkPoolWorker-2] Successfully scraped store: AUTO BERINAC (Auto Moto: True, Ads: 4)
[2025-11-05 10:52:31,019: INFO/ForkPoolWorker-2] Inserted store data for URL: https://www.njuskalo.hr/trgovina/autoberinac
[2025-11-05 10:52:33,032: INFO/ForkPoolWorker-4] Successfully scraped store: LNB CARS (Auto Moto: True, Ads: 16)
[2025-11-05 10:52:33,045: INFO/ForkPoolWorker-4] Updated store data for URL: https://www.njuskalo.hr/trgovina/lnb-cars
[2025-11-05 10:52:34,626: INFO/ForkPoolWorker-3] Processing store 550/2985: https://www.njuskalo.hr/trgovina/gridng
[2025-11-05 10:52:34,626: INFO/ForkPoolWorker-3] Scraping store: https://www.njuskalo.hr/trgovina/gridng
[2025-11-05 10:52:34,849: INFO/ForkPoolWorker-2] Processing store 1243/2985: https://www.njuskalo.hr/trgovina/QuantResearch
[2025-11-05 10:52:34,850: INFO/ForkPoolWorker-2] Scraping store: https://www.njuskalo.hr/trgovina/QuantResearch
[2025-11-05 10:52:35,415: INFO/ForkPoolWorker-1] Processing store 905/2985: https://www.njuskalo.hr/trgovina/ak-novosel
[2025-11-05 10:52:35,415: INFO/ForkPoolWorker-1] Scraping store: https://www.njuskalo.hr/trgovina/ak-novosel
[2025-11-05 10:52:39,181: INFO/ForkPoolWorker-3] Successfully scraped store: GRID d.o.o. Nova Gradiška (Auto Moto: False, Ads: 18)
[2025-11-05 10:52:39,194: INFO/ForkPoolWorker-3] Updated store data for URL: https://www.njuskalo.hr/trgovina/gridng
[2025-11-05 10:52:39,290: INFO/ForkPoolWorker-1] Successfully scraped store: Auto kuća Novosel (Auto Moto: True, Ads: 9)
[2025-11-05 10:52:39,293: INFO/ForkPoolWorker-1] Updated store data for URL: https://www.njuskalo.hr/trgovina/ak-novosel
[2025-11-05 10:52:39,599: INFO/ForkPoolWorker-4] Processing store 187/2985: https://www.njuskalo.hr/trgovina/antiva1
[2025-11-05 10:52:39,600: INFO/ForkPoolWorker-4] Scraping store: https://www.njuskalo.hr/trgovina/antiva1
[2025-11-05 10:52:40,912: INFO/ForkPoolWorker-2] Successfully scraped store: Statistička obrada (Auto Moto: False, Ads: 1)
[2025-11-05 10:52:40,925: INFO/ForkPoolWorker-2] Inserted store data for URL: https://www.njuskalo.hr/trgovina/QuantResearch
[2025-11-05 10:52:43,275: INFO/ForkPoolWorker-4] Successfully scraped store: ANTIVA (Auto Moto: False, Ads: 1)
[2025-11-05 10:52:43,288: INFO/ForkPoolWorker-4] Updated store data for URL: https://www.njuskalo.hr/trgovina/antiva1
[2025-11-05 10:52:43,941: INFO/ForkPoolWorker-3] Processing store 551/2985: https://www.njuskalo.hr/trgovina/torbarina
[2025-11-05 10:52:43,941: INFO/ForkPoolWorker-3] Scraping store: https://www.njuskalo.hr/trgovina/torbarina
[2025-11-05 10:52:45,941: INFO/ForkPoolWorker-1] Processing store 906/2985: https://www.njuskalo.hr/trgovina/kprud
[2025-11-05 10:52:45,941: INFO/ForkPoolWorker-1] Scraping store: https://www.njuskalo.hr/trgovina/kprud
[2025-11-05 10:52:46,548: INFO/ForkPoolWorker-4] Processing store 188/2985: https://www.njuskalo.hr/trgovina/NoaLog
[2025-11-05 10:52:46,549: INFO/ForkPoolWorker-4] Scraping store: https://www.njuskalo.hr/trgovina/NoaLog
[2025-11-05 10:52:46,698: INFO/ForkPoolWorker-2] Processing store 1244/2985: https://www.njuskalo.hr/trgovina/sportmare
[2025-11-05 10:52:46,698: INFO/ForkPoolWorker-2] Scraping store: https://www.njuskalo.hr/trgovina/sportmare
[2025-11-05 10:52:49,677: INFO/ForkPoolWorker-3] Successfully scraped store: Torbarina prikolice (Auto Moto: True, Ads: 9)
[2025-11-05 10:52:49,690: INFO/ForkPoolWorker-3] Updated store data for URL: https://www.njuskalo.hr/trgovina/torbarina
[2025-11-05 10:52:51,824: INFO/ForkPoolWorker-4] Successfully scraped store: Noalog (Auto Moto: True, Ads: 587)
[2025-11-05 10:52:51,837: INFO/ForkPoolWorker-4] Updated store data for URL: https://www.njuskalo.hr/trgovina/NoaLog
[2025-11-05 10:52:53,102: INFO/ForkPoolWorker-1] Successfully scraped store: KAMEN PRUD d.o.o. (Auto Moto: False, Ads: 11)
[2025-11-05 10:52:53,115: INFO/ForkPoolWorker-1] Updated store data for URL: https://www.njuskalo.hr/trgovina/kprud
